../Drivers/CMSIS/Include/core_cm4.h:2059:26:ITM_SendChar	16	static,ignoring_inline_asm
../Drivers/STM32WBxx_HAL_Driver/Inc/stm32wbxx_ll_rcc.h:1679:22:LL_RCC_LSE_SetDriveCapability	16	static
../Drivers/STM32WBxx_HAL_Driver/Inc/stm32wbxx_ll_bus.h:539:22:LL_AHB2_GRP1_EnableClock	24	static
../Core/Src/main.c:112:5:_write	32	static
../Core/Src/main.c:122:13:initialize_sd_card	16	static
../Core/Src/main.c:160:6:lis2dh12_read_data_polling	72	static
../Core/Src/main.c:280:6:write_to_sd	128	static
../Core/Src/main.c:343:13:platform_write	40	static
../Core/Src/main.c:350:13:platform_read	40	static
../Core/Src/main.c:358:6:send_uart	24	static
../Core/Src/main.c:364:13:platform_delay	16	static
../Core/Src/main.c:369:5:bufsize	24	static
../Core/Src/main.c:377:6:clear_buffer	16	static
../Core/Src/main.c:389:5:main	8	static
../Core/Src/main.c:448:6:SystemClock_Config	112	static
../Core/Src/main.c:511:6:PeriphCommonClock_Config	88	static
../Core/Src/main.c:535:13:MX_I2C1_Init	8	static
../Core/Src/main.c:583:13:MX_SPI1_Init	8	static
../Core/Src/main.c:623:13:MX_USART1_UART_Init	8	static
../Core/Src/main.c:671:13:MX_USB_PCD_Init	8	static
../Core/Src/main.c:704:13:MX_GPIO_Init	32	static
../Core/Src/main.c:760:6:Error_Handler	4	static,ignoring_inline_asm
